// Jest Snapshot v1, https://goo.gl/fbAQLP

exports[`IssuingTransactionValueChart should match the snapshot 1`] = `"<div class="css-1vgdsvy"><div class="chakra-skeleton css-1verwtw"></div></div><div class="css-1vgdsvy"><div class="chakra-skeleton css-1verwtw"></div></div><div class="css-1vgdsvy"><div class="chakra-skeleton css-1verwtw"></div></div><div class="css-1vgdsvy"><div class="chakra-skeleton css-1verwtw"></div></div><div class="css-1vgdsvy"><div class="chakra-skeleton css-1verwtw"></div></div><div class="css-1vgdsvy"><div class="chakra-skeleton css-1verwtw"></div></div>"`;
